// Jest Snapshot v1, https://goo.gl/fbAQLP

exports[`SmartNodeSelector Renders correctly (compare to snapshot in ./__snapshots__/SmartNodeSelector.test.tsx.snap) 1`] = `
<div>
  <div
    id="SmartNodeSelector"
  >
    <label>
      Smart Node Selector
    </label>
    <div
      class="SmartNodeSelector"
    >
      <ul
        class="SmartNodeSelector__Tags--nolinebreak"
      >
        <li
          class="SmartNodeSelector__Tag "
          style="border-width: 1px; border-style: solid;"
          title="Enter a new name"
        >
          <div
            class="SmartNodeSelector__InnerTag SmartNodeSelector__Valid"
          >
            <div
              class="SmartNodeSelector__InputContainer"
            >
              <input
                placeholder="Add new tag..."
                spellcheck="false"
                style="width: 50px;"
                type="text"
                value=""
              />
            </div>
          </div>
        </li>
      </ul>
      <div
        class="SmartNodeSelector__ClearAll"
      >
        <button
          disabled=""
          title="Clear all"
          type="button"
        />
      </div>
      <div
        class="Suggestions Suggestions__Position"
      />
    </div>
  </div>
</div>
`;
