// Jest Snapshot v1, https://goo.gl/fbAQLP

exports[`WebvizPluginPlaceholder Renders correctly (compare to snapshot in ./__snapshots__/WebvizPluginPlaceholder.test.tsx.snap) 1`] = `
<div>
  <div
    class="webviz-config-plugin-wrapper"
  >
    <div
      class="webviz-plugin-content"
      id="WebvizPluginPlaceholder"
    >
      <div
        class="webviz-plugin-content-overlay"
        id="overlayWebvizPluginPlaceholder"
        style="display: none;"
      >
        <div
          class="webviz-plugin-data-owner"
        />
      </div>
    </div>
    <div
      class="webviz-config-plugin-buttonbar"
    >
      <div
        class="webviz-config-tooltip-wrapper"
      >
        <svg
          aria-hidden="true"
          class="Icon__StyledSvg-sc-6evbi1-0 webviz-config-plugin-button"
          fill="currentColor"
          height="24px"
          viewBox="0 0 24 24"
          width="24px"
          xmlns="http://www.w3.org/2000/svg"
        >
          <path
            class="Icon__StyledPath-sc-6evbi1-1"
            clip-rule="evenodd"
            d="M16.83 5H20c1.1 0 2 .9 2 2v12c0 1.1-.9 2-2 2H4c-1.1 0-2-.9-2-2V7c0-1.1.9-2 2-2h3.17L9 3h6l1.83 2ZM4 19h16V7h-4.05l-.59-.65L14.12 5H9.88L8.64 6.35 8.05 7H4v12Zm8-11c-2.76 0-5 2.24-5 5s2.24 5 5 5 5-2.24 5-5-2.24-5-5-5Zm-3.2 5c0 1.77 1.43 3.2 3.2 3.2 1.77 0 3.2-1.43 3.2-3.2 0-1.77-1.43-3.2-3.2-3.2-1.77 0-3.2 1.43-3.2 3.2Z"
            data-testid="eds-icon-path"
            fill-rule="evenodd"
            height="24"
          />
        </svg>
        <div
          class="webviz-config-tooltip"
        >
          Take screenshot
        </div>
      </div>
      <div
        class="webviz-config-tooltip-wrapper"
      >
        <svg
          aria-hidden="true"
          class="Icon__StyledSvg-sc-6evbi1-0 webviz-config-plugin-button"
          fill="currentColor"
          height="24px"
          viewBox="0 0 24 24"
          width="24px"
          xmlns="http://www.w3.org/2000/svg"
        >
          <path
            class="Icon__StyledPath-sc-6evbi1-1"
            clip-rule="evenodd"
            d="M7 10H5V5h5v2H7v3Zm-2 4h2v3h3v2H5v-5Zm12 3h-3v2h5v-5h-2v3ZM14 7V5h5v5h-2V7h-3Z"
            data-testid="eds-icon-path"
            fill-rule="evenodd"
            height="24"
          />
        </svg>
        <div
          class="webviz-config-tooltip"
        >
          Expand
        </div>
      </div>
      <div
        class="webviz-config-tooltip-wrapper"
      >
        <svg
          aria-hidden="true"
          class="Icon__StyledSvg-sc-6evbi1-0 webviz-config-plugin-button"
          fill="currentColor"
          height="24px"
          viewBox="0 0 24 24"
          width="24px"
          xmlns="http://www.w3.org/2000/svg"
        >
          <path
            class="Icon__StyledPath-sc-6evbi1-1"
            clip-rule="evenodd"
            d="M19 9.5h-4v-6H9v6H5l7 7 7-7Zm-8 2v-6h2v6h1.17L12 13.67 9.83 11.5H11Zm8 9v-2H5v2h14Z"
            data-testid="eds-icon-path"
            fill-rule="evenodd"
            height="24"
          />
        </svg>
        <div
          class="webviz-config-tooltip"
        >
          Download data
        </div>
      </div>
      <div
        class="webviz-config-tooltip-wrapper"
      >
        <svg
          aria-hidden="true"
          class="Icon__StyledSvg-sc-6evbi1-0 webviz-config-plugin-button"
          fill="currentColor"
          height="24px"
          viewBox="0 0 24 24"
          width="24px"
          xmlns="http://www.w3.org/2000/svg"
        >
          <path
            class="Icon__StyledPath-sc-6evbi1-1"
            clip-rule="evenodd"
            d="M2 12C2 6.48 6.48 2 12 2s10 4.48 10 10-4.48 10-10 10S2 17.52 2 12Zm11 4v2h-2v-2h2Zm-1 4c-4.41 0-8-3.59-8-8s3.59-8 8-8 8 3.59 8 8-3.59 8-8 8ZM8 10c0-2.21 1.79-4 4-4s4 1.79 4 4c0 1.283-.79 1.973-1.56 2.646C13.712 13.283 13 13.905 13 15h-2c0-1.821.942-2.543 1.77-3.178.65-.498 1.23-.943 1.23-1.822 0-1.1-.9-2-2-2s-2 .9-2 2H8Z"
            data-testid="eds-icon-path"
            fill-rule="evenodd"
            height="24"
          />
        </svg>
        <div
          class="webviz-config-tooltip"
        >
          Guided tour
        </div>
      </div>
      
      <div
        class="webviz-config-tooltip-wrapper"
      >
        <svg
          aria-hidden="true"
          class="Icon__StyledSvg-sc-6evbi1-0 webviz-config-plugin-button webviz-config-plugin-button-important"
          fill="currentColor"
          height="24px"
          viewBox="0 0 24 24"
          width="24px"
          xmlns="http://www.w3.org/2000/svg"
        >
          <path
            class="Icon__StyledPath-sc-6evbi1-1"
            clip-rule="evenodd"
            d="m23 21.5-11-19-11 19h22Zm-12-3v-2h2v2h-2Zm0-4h2v-4h-2v4Z"
            data-testid="eds-icon-path"
            fill-rule="evenodd"
            height="24"
          />
        </svg>
        <div
          class="webviz-config-tooltip"
        >
          This plugin has deprecation warnings
        </div>
      </div>
    </div>
  </div>
  <div
    class="notistack-SnackbarContainer go1453831412 go2989568495 go1141946668"
  >
    <div
      class="go1475592160 go1671063245"
      style="pointer-events: all; overflow: visible; min-height: 0px; transition: height 300ms cubic-bezier(0.4, 0, 0.2, 1) 0ms;"
    >
      <div
        class="notistack-CollapseWrapper"
        style="display: flex; width: 100%;"
      >
        <div
          class="notistack-Snackbar go3963613292"
        >
          <div
            aria-describedby="notistack-snackbar"
            class="go1888806478 notistack-MuiContent notistack-MuiContent-warning go167266335 go4215275574 go3162094071"
            role="alert"
            style="webkit-transform: none; transform: none; webkit-transition: -webkit-transform 225ms cubic-bezier(0.0, 0, 0.2, 1) 0ms; transition: transform 225ms cubic-bezier(0.0, 0, 0.2, 1) 0ms;"
          >
            <div
              class="go946087465"
              id="notistack-snackbar"
            >
              <svg
                focusable="false"
                style="font-size: 20px; margin-inline-end: 8px; user-select: none; width: 1em; height: 1em; display: inline-block; fill: currentColor; flex-shrink: 0;"
                viewBox="0 0 24 24"
              >
                <path
                  d="M13,14H11V10H13M13,18H11V16H13M1,21H23L12,2L1,21Z"
                />
              </svg>
              Deprecated 1
            </div>
            <div
              class="go703367398"
            >
              <a
                class="webviz-config-plugin-deprecation-link"
                href="https://github.com/equinor/webviz-core-components"
                rel="noopener noreferrer"
                target="_blank"
              >
                More info
              </a>
            </div>
          </div>
        </div>
      </div>
    </div>
    <div
      class="go1475592160 go1671063245"
      style="pointer-events: all; overflow: visible; min-height: 0px; transition: height 300ms cubic-bezier(0.4, 0, 0.2, 1) 0ms;"
    >
      <div
        class="notistack-CollapseWrapper"
        style="display: flex; width: 100%;"
      >
        <div
          class="notistack-Snackbar go3963613292"
        >
          <div
            aria-describedby="notistack-snackbar"
            class="go1888806478 notistack-MuiContent notistack-MuiContent-warning go167266335 go4215275574 go3162094071"
            role="alert"
            style="webkit-transform: none; transform: none; webkit-transition: -webkit-transform 225ms cubic-bezier(0.0, 0, 0.2, 1) 0ms; transition: transform 225ms cubic-bezier(0.0, 0, 0.2, 1) 0ms;"
          >
            <div
              class="go946087465"
              id="notistack-snackbar"
            >
              <svg
                focusable="false"
                style="font-size: 20px; margin-inline-end: 8px; user-select: none; width: 1em; height: 1em; display: inline-block; fill: currentColor; flex-shrink: 0;"
                viewBox="0 0 24 24"
              >
                <path
                  d="M13,14H11V10H13M13,18H11V16H13M1,21H23L12,2L1,21Z"
                />
              </svg>
              Deprecated 2
            </div>
            <div
              class="go703367398"
            >
              <a
                class="webviz-config-plugin-deprecation-link"
                href="https://github.com/equinor/webviz-core-components"
                rel="noopener noreferrer"
                target="_blank"
              >
                More info
              </a>
            </div>
          </div>
        </div>
      </div>
    </div>
  </div>
</div>
`;
